530 catalogue species, 15 draws, organs ['leaf', 'flower']
background train rows: full pool

=== K=10  EASY (random) ===
  bioclip2  (18s)
    full     top1 0.9888 [0.9639,1.0000]  vs full +0.0000   auroc_near 0.9682
    pca32    top1 0.9873 [0.9532,1.0000]  vs full -0.0015   auroc_near 0.9567
    rand32   top1 0.9624 [0.9123,0.9923]  vs full -0.0263   auroc_near 0.9122
    pca16    top1 0.9819 [0.9442,1.0000]  vs full -0.0069   auroc_near 0.9339
    rand16   top1 0.9099 [0.8401,0.9660]  vs full -0.0789   auroc_near 0.8478
    int8     top1 0.9888 [0.9639,1.0000]  vs full +0.0000   auroc_near 0.9682
    int4     top1 0.9882 [0.9639,1.0000]  vs full -0.0006   auroc_near 0.9682
    pca32+int8 top1 0.9873 [0.9532,1.0000]  vs full -0.0015   auroc_near 0.9566
    pca32+int4 top1 0.9847 [0.9445,1.0000]  vs full -0.0041   auroc_near 0.9554
    pca16+int8 top1 0.9819 [0.9442,1.0000]  vs full -0.0069   auroc_near 0.9339
    pca16+int4 top1 0.9799 [0.9414,1.0000]  vs full -0.0088   auroc_near 0.9376
  plantclef24  (15s)
    full     top1 0.9923 [0.9609,1.0000]  vs full +0.0000   auroc_near 0.9798
    pca32    top1 0.9887 [0.9583,1.0000]  vs full -0.0037   auroc_near 0.9736
    rand32   top1 0.9375 [0.8952,0.9944]  vs full -0.0549   auroc_near 0.8973
    pca16    top1 0.9822 [0.9414,1.0000]  vs full -0.0101   auroc_near 0.9629
    rand16   top1 0.8407 [0.7697,0.8877]  vs full -0.1516   auroc_near 0.7987
    int8     top1 0.9919 [0.9594,1.0000]  vs full -0.0005   auroc_near 0.9798
    int4     top1 0.9918 [0.9609,1.0000]  vs full -0.0006   auroc_near 0.9797
    pca32+int8 top1 0.9892 [0.9639,1.0000]  vs full -0.0031   auroc_near 0.9737
    pca32+int4 top1 0.9876 [0.9610,1.0000]  vs full -0.0047   auroc_near 0.9729
    pca16+int8 top1 0.9823 [0.9451,1.0000]  vs full -0.0100   auroc_near 0.9632
    pca16+int4 top1 0.9813 [0.9304,1.0000]  vs full -0.0111   auroc_near 0.9633

=== K=10  HARD (congeners) ===
  bioclip2  (31s)
    full     top1 0.7524 [0.5929,0.8713]  vs full +0.0000   auroc_near 0.9952
    pca32    top1 0.7379 [0.5964,0.8674]  vs full -0.0145   auroc_near 0.9941
    rand32   top1 0.6906 [0.4963,0.8480]  vs full -0.0618   auroc_near 0.9739
    pca16    top1 0.7144 [0.5509,0.8674]  vs full -0.0380   auroc_near 0.9934
    rand16   top1 0.6379 [0.4574,0.8089]  vs full -0.1145   auroc_near 0.9362
    int8     top1 0.7499 [0.5929,0.8713]  vs full -0.0025   auroc_near 0.9951
    int4     top1 0.7509 [0.5740,0.8744]  vs full -0.0015   auroc_near 0.9950
    pca32+int8 top1 0.7410 [0.5964,0.8674]  vs full -0.0114   auroc_near 0.9943
    pca32+int4 top1 0.7317 [0.5485,0.8647]  vs full -0.0207   auroc_near 0.9945
    pca16+int8 top1 0.7113 [0.5394,0.8674]  vs full -0.0411   auroc_near 0.9925
    pca16+int4 top1 0.7093 [0.5358,0.8672]  vs full -0.0431   auroc_near 0.9928
  plantclef24  (25s)
    full     top1 0.7648 [0.5660,0.8964]  vs full +0.0000   auroc_near 0.9970
    pca32    top1 0.7413 [0.5358,0.8912]  vs full -0.0235   auroc_near 0.9962
    rand32   top1 0.6855 [0.5257,0.8107]  vs full -0.0793   auroc_near 0.9618
    pca16    top1 0.7320 [0.5285,0.8592]  vs full -0.0328   auroc_near 0.9954
    rand16   top1 0.5957 [0.4126,0.7375]  vs full -0.1691   auroc_near 0.8715
    int8     top1 0.7643 [0.5660,0.8964]  vs full -0.0005   auroc_near 0.9970
    int4     top1 0.7633 [0.5682,0.8964]  vs full -0.0016   auroc_near 0.9969
    pca32+int8 top1 0.7421 [0.5358,0.8912]  vs full -0.0228   auroc_near 0.9961
    pca32+int4 top1 0.7370 [0.5611,0.8883]  vs full -0.0278   auroc_near 0.9960
    pca16+int8 top1 0.7286 [0.5285,0.8540]  vs full -0.0363   auroc_near 0.9955
    pca16+int4 top1 0.7286 [0.5411,0.8669]  vs full -0.0362   auroc_near 0.9956

=== K=20  EASY (random) ===
  bioclip2  (30s)
    full     top1 0.9790 [0.9429,0.9905]  vs full +0.0000   auroc_near 0.9494
    pca32    top1 0.9768 [0.9501,0.9939]  vs full -0.0021   auroc_near 0.9399
    rand32   top1 0.9355 [0.9077,0.9737]  vs full -0.0435   auroc_near 0.8712
    pca16    top1 0.9677 [0.9438,0.9853]  vs full -0.0113   auroc_near 0.9290
    rand16   top1 0.8759 [0.8279,0.9402]  vs full -0.1031   auroc_near 0.7777
    int8     top1 0.9810 [0.9456,0.9943]  vs full +0.0020   auroc_near 0.9497
    int4     top1 0.9807 [0.9456,0.9919]  vs full +0.0017   auroc_near 0.9499
    pca32+int8 top1 0.9768 [0.9501,0.9911]  vs full -0.0022   auroc_near 0.9400
    pca32+int4 top1 0.9765 [0.9505,0.9888]  vs full -0.0025   auroc_near 0.9385
    pca16+int8 top1 0.9677 [0.9424,0.9853]  vs full -0.0113   auroc_near 0.9271
    pca16+int4 top1 0.9698 [0.9454,0.9896]  vs full -0.0092   auroc_near 0.9237
  plantclef24  (24s)
    full     top1 0.9865 [0.9597,0.9984]  vs full +0.0000   auroc_near 0.9631
    pca32    top1 0.9810 [0.9555,0.9938]  vs full -0.0055   auroc_near 0.9499
    rand32   top1 0.9097 [0.8755,0.9452]  vs full -0.0768   auroc_near 0.8651
    pca16    top1 0.9683 [0.9438,0.9895]  vs full -0.0182   auroc_near 0.9372
    rand16   top1 0.7707 [0.7280,0.8284]  vs full -0.2158   auroc_near 0.7307
    int8     top1 0.9865 [0.9597,0.9984]  vs full +0.0000   auroc_near 0.9630
    int4     top1 0.9856 [0.9588,0.9984]  vs full -0.0009   auroc_near 0.9641
    pca32+int8 top1 0.9816 [0.9555,0.9955]  vs full -0.0049   auroc_near 0.9518
    pca32+int4 top1 0.9821 [0.9520,0.9983]  vs full -0.0044   auroc_near 0.9526
    pca16+int8 top1 0.9685 [0.9438,0.9895]  vs full -0.0179   auroc_near 0.9306
    pca16+int4 top1 0.9685 [0.9356,0.9895]  vs full -0.0180   auroc_near 0.9434

=== K=20  HARD (congeners) ===
  bioclip2  (51s)
    full     top1 0.7478 [0.6379,0.9053]  vs full +0.0000   auroc_near 0.9870
    pca32    top1 0.7377 [0.6395,0.8976]  vs full -0.0101   auroc_near 0.9868
    rand32   top1 0.6975 [0.5805,0.8320]  vs full -0.0503   auroc_near 0.9453
    pca16    top1 0.7156 [0.5607,0.8737]  vs full -0.0323   auroc_near 0.9809
    rand16   top1 0.6496 [0.5510,0.7988]  vs full -0.0983   auroc_near 0.8799
    int8     top1 0.7505 [0.6432,0.9053]  vs full +0.0027   auroc_near 0.9894
    int4     top1 0.7461 [0.6272,0.9073]  vs full -0.0017   auroc_near 0.9870
    pca32+int8 top1 0.7375 [0.6395,0.8976]  vs full -0.0104   auroc_near 0.9872
    pca32+int4 top1 0.7315 [0.6400,0.8843]  vs full -0.0163   auroc_near 0.9833
    pca16+int8 top1 0.7130 [0.5586,0.8737]  vs full -0.0349   auroc_near 0.9808
    pca16+int4 top1 0.7069 [0.5612,0.8686]  vs full -0.0410   auroc_near 0.9787
  plantclef24  (41s)
    full     top1 0.7558 [0.6632,0.8947]  vs full +0.0000   auroc_near 0.9934
    pca32    top1 0.7322 [0.6315,0.8731]  vs full -0.0236   auroc_near 0.9927
    rand32   top1 0.6603 [0.5445,0.8308]  vs full -0.0956   auroc_near 0.9258
    pca16    top1 0.6994 [0.5810,0.8447]  vs full -0.0564   auroc_near 0.9916
    rand16   top1 0.5720 [0.4539,0.7077]  vs full -0.1838   auroc_near 0.8327
    int8     top1 0.7586 [0.6618,0.8971]  vs full +0.0027   auroc_near 0.9932
    int4     top1 0.7589 [0.6546,0.9104]  vs full +0.0031   auroc_near 0.9933
    pca32+int8 top1 0.7334 [0.6338,0.8734]  vs full -0.0225   auroc_near 0.9926
    pca32+int4 top1 0.7285 [0.6312,0.8686]  vs full -0.0273   auroc_near 0.9919
    pca16+int8 top1 0.6995 [0.5920,0.8472]  vs full -0.0563   auroc_near 0.9914
    pca16+int4 top1 0.6996 [0.5554,0.8482]  vs full -0.0563   auroc_near 0.9906

