530 catalogue species, 15 draws, organs ['leaf', 'flower']
background train rows: full pool

=== K=5  EASY (random) ===
  bioclip2  (17s)
    full     top1 0.9967 [0.9727,1.0000]  vs full +0.0000   auroc_near 0.9806
    pca256   top1 0.9967 [0.9727,1.0000]  vs full +0.0000   auroc_near 0.9805
    rand256  top1 0.9933 [0.9562,1.0000]  vs full -0.0034   auroc_near 0.9780
    pca64    top1 0.9967 [0.9727,1.0000]  vs full +0.0000   auroc_near 0.9788
    rand64   top1 0.9862 [0.9453,1.0000]  vs full -0.0105   auroc_near 0.9619
    pca32    top1 0.9943 [0.9499,1.0000]  vs full -0.0023   auroc_near 0.9751
    rand32   top1 0.9701 [0.9122,1.0000]  vs full -0.0265   auroc_near 0.9473
    pca16    top1 0.9903 [0.9439,1.0000]  vs full -0.0064   auroc_near 0.9698
    rand16   top1 0.9517 [0.8660,1.0000]  vs full -0.0450   auroc_near 0.8993
    pca8     top1 0.9729 [0.9081,1.0000]  vs full -0.0238   auroc_near 0.9313
    rand8    top1 0.8811 [0.7939,0.9659]  vs full -0.1155   auroc_near 0.7822
    int8     top1 0.9967 [0.9727,1.0000]  vs full +0.0000   auroc_near 0.9807
    int4     top1 0.9967 [0.9727,1.0000]  vs full +0.0000   auroc_near 0.9804
  plantclef24  (14s)
    full     top1 0.9950 [0.9704,1.0000]  vs full +0.0000   auroc_near 0.9898
    pca256   top1 0.9950 [0.9704,1.0000]  vs full +0.0000   auroc_near 0.9893
    rand256  top1 0.9928 [0.9606,1.0000]  vs full -0.0021   auroc_near 0.9872
    pca64    top1 0.9948 [0.9743,1.0000]  vs full -0.0002   auroc_near 0.9872
    rand64   top1 0.9832 [0.9505,1.0000]  vs full -0.0118   auroc_near 0.9675
    pca32    top1 0.9915 [0.9681,1.0000]  vs full -0.0035   auroc_near 0.9858
    rand32   top1 0.9479 [0.8680,0.9949]  vs full -0.0471   auroc_near 0.9370
    pca16    top1 0.9914 [0.9674,1.0000]  vs full -0.0036   auroc_near 0.9811
    rand16   top1 0.8868 [0.8175,0.9581]  vs full -0.1082   auroc_near 0.8494
    pca8     top1 0.9862 [0.9510,1.0000]  vs full -0.0088   auroc_near 0.9755
    rand8    top1 0.7753 [0.6212,0.9691]  vs full -0.2196   auroc_near 0.7396
    int8     top1 0.9950 [0.9704,1.0000]  vs full +0.0000   auroc_near 0.9898
    int4     top1 0.9948 [0.9743,1.0000]  vs full -0.0002   auroc_near 0.9899
  mobileclip2_s2  (18s)
    full     top1 0.9824 [0.9279,1.0000]  vs full +0.0000   auroc_near 0.9661
    pca256   top1 0.9846 [0.9332,1.0000]  vs full +0.0022   auroc_near 0.9668
    rand256  top1 0.9734 [0.9270,1.0000]  vs full -0.0090   auroc_near 0.9617
    pca64    top1 0.9801 [0.9273,1.0000]  vs full -0.0023   auroc_near 0.9605
    rand64   top1 0.9608 [0.9281,1.0000]  vs full -0.0216   auroc_near 0.9364
    pca32    top1 0.9640 [0.8879,1.0000]  vs full -0.0184   auroc_near 0.9526
    rand32   top1 0.9422 [0.8362,0.9940]  vs full -0.0402   auroc_near 0.9193
    pca16    top1 0.9592 [0.8933,1.0000]  vs full -0.0232   auroc_near 0.9351
    rand16   top1 0.8940 [0.7935,0.9457]  vs full -0.0884   auroc_near 0.8354
    pca8     top1 0.9309 [0.8486,0.9935]  vs full -0.0515   auroc_near 0.8845
    rand8    top1 0.8133 [0.6995,0.9216]  vs full -0.1691   auroc_near 0.7263
    int8     top1 0.9846 [0.9332,1.0000]  vs full +0.0022   auroc_near 0.9666
    int4     top1 0.9813 [0.9279,1.0000]  vs full -0.0011   auroc_near 0.9646
  mobileclip2_s0  (19s)
    full     top1 0.9726 [0.9213,1.0000]  vs full +0.0000   auroc_near 0.9543
    pca256   top1 0.9705 [0.9122,1.0000]  vs full -0.0021   auroc_near 0.9569
    rand256  top1 0.9631 [0.9213,1.0000]  vs full -0.0095   auroc_near 0.9462
    pca64    top1 0.9712 [0.9301,1.0000]  vs full -0.0014   auroc_near 0.9526
    rand64   top1 0.9411 [0.8310,1.0000]  vs full -0.0315   auroc_near 0.9303
    pca32    top1 0.9667 [0.9026,1.0000]  vs full -0.0059   auroc_near 0.9407
    rand32   top1 0.9106 [0.8093,0.9612]  vs full -0.0620   auroc_near 0.8735
    pca16    top1 0.9549 [0.8735,1.0000]  vs full -0.0177   auroc_near 0.9135
    rand16   top1 0.8460 [0.7038,0.9444]  vs full -0.1266   auroc_near 0.8177
    pca8     top1 0.9136 [0.7942,0.9936]  vs full -0.0590   auroc_near 0.8548
    rand8    top1 0.7449 [0.5904,0.8313]  vs full -0.2277   auroc_near 0.7211
    int8     top1 0.9726 [0.9213,1.0000]  vs full +0.0000   auroc_near 0.9567
    int4     top1 0.9732 [0.9362,1.0000]  vs full +0.0006   auroc_near 0.9578

=== K=5  HARD (congeners) ===
  bioclip2  (24s)
    full     top1 0.7910 [0.4386,0.9668]  vs full +0.0000   auroc_near 0.9957
    pca256   top1 0.7954 [0.4931,0.9668]  vs full +0.0044   auroc_near 0.9956
    rand256  top1 0.7888 [0.5234,0.9615]  vs full -0.0023   auroc_near 0.9946
    pca64    top1 0.7898 [0.5142,0.9720]  vs full -0.0012   auroc_near 0.9957
    rand64   top1 0.7769 [0.4445,0.9615]  vs full -0.0141   auroc_near 0.9915
    pca32    top1 0.7877 [0.4944,0.9580]  vs full -0.0033   auroc_near 0.9956
    rand32   top1 0.7665 [0.4869,0.9583]  vs full -0.0245   auroc_near 0.9852
    pca16    top1 0.7671 [0.4760,0.9570]  vs full -0.0239   auroc_near 0.9948
    rand16   top1 0.7122 [0.4215,0.9014]  vs full -0.0788   auroc_near 0.9514
    pca8     top1 0.7368 [0.4156,0.9435]  vs full -0.0542   auroc_near 0.9944
    rand8    top1 0.6590 [0.4250,0.8219]  vs full -0.1320   auroc_near 0.8532
    int8     top1 0.7957 [0.4839,0.9668]  vs full +0.0047   auroc_near 0.9957
    int4     top1 0.7967 [0.4839,0.9668]  vs full +0.0057   auroc_near 0.9959
  plantclef24  (20s)
    full     top1 0.7879 [0.4668,0.9720]  vs full +0.0000   auroc_near 0.9971
    pca256   top1 0.7860 [0.4727,0.9720]  vs full -0.0019   auroc_near 0.9970
    rand256  top1 0.7717 [0.4668,0.9725]  vs full -0.0162   auroc_near 0.9962
    pca64    top1 0.7793 [0.4333,0.9720]  vs full -0.0087   auroc_near 0.9973
    rand64   top1 0.7726 [0.4681,0.9528]  vs full -0.0153   auroc_near 0.9885
    pca32    top1 0.7641 [0.4320,0.9633]  vs full -0.0238   auroc_near 0.9964
    rand32   top1 0.7400 [0.4504,0.9378]  vs full -0.0480   auroc_near 0.9691
    pca16    top1 0.7534 [0.3984,0.9440]  vs full -0.0345   auroc_near 0.9960
    rand16   top1 0.6724 [0.4052,0.8656]  vs full -0.1155   auroc_near 0.9220
    pca8     top1 0.7373 [0.3518,0.9520]  vs full -0.0506   auroc_near 0.9952
    rand8    top1 0.5869 [0.3498,0.8233]  vs full -0.2010   auroc_near 0.7963
    int8     top1 0.7897 [0.4714,0.9720]  vs full +0.0018   auroc_near 0.9970
    int4     top1 0.7874 [0.4563,0.9720]  vs full -0.0005   auroc_near 0.9971
  mobileclip2_s2  (24s)
    full     top1 0.7410 [0.4550,0.9266]  vs full +0.0000   auroc_near 0.9912
    pca256   top1 0.7431 [0.4458,0.9266]  vs full +0.0021   auroc_near 0.9913
    rand256  top1 0.7251 [0.4063,0.9137]  vs full -0.0159   auroc_near 0.9908
    pca64    top1 0.7402 [0.4320,0.9266]  vs full -0.0008   auroc_near 0.9907
    rand64   top1 0.7126 [0.4550,0.9267]  vs full -0.0284   auroc_near 0.9815
    pca32    top1 0.7227 [0.4202,0.9384]  vs full -0.0183   auroc_near 0.9882
    rand32   top1 0.6906 [0.4948,0.8651]  vs full -0.0504   auroc_near 0.9714
    pca16    top1 0.6966 [0.4328,0.8549]  vs full -0.0444   auroc_near 0.9870
    rand16   top1 0.6450 [0.4312,0.8412]  vs full -0.0960   auroc_near 0.9302
    pca8     top1 0.6334 [0.3548,0.8511]  vs full -0.1076   auroc_near 0.9739
    rand8    top1 0.5129 [0.3437,0.7014]  vs full -0.2281   auroc_near 0.8632
    int8     top1 0.7377 [0.4504,0.9266]  vs full -0.0033   auroc_near 0.9912
    int4     top1 0.7360 [0.4366,0.9266]  vs full -0.0050   auroc_near 0.9914
  mobileclip2_s0  (24s)
    full     top1 0.7428 [0.4445,0.9087]  vs full +0.0000   auroc_near 0.9850
    pca256   top1 0.7437 [0.4399,0.9087]  vs full +0.0010   auroc_near 0.9845
    rand256  top1 0.7403 [0.4307,0.9133]  vs full -0.0025   auroc_near 0.9823
    pca64    top1 0.7221 [0.4261,0.9087]  vs full -0.0206   auroc_near 0.9852
    rand64   top1 0.7035 [0.4353,0.8972]  vs full -0.0392   auroc_near 0.9752
    pca32    top1 0.6893 [0.3946,0.8895]  vs full -0.0535   auroc_near 0.9788
    rand32   top1 0.6570 [0.3936,0.8812]  vs full -0.0857   auroc_near 0.9458
    pca16    top1 0.6907 [0.4563,0.8873]  vs full -0.0521   auroc_near 0.9755
    rand16   top1 0.5844 [0.3389,0.7976]  vs full -0.1584   auroc_near 0.8939
    pca8     top1 0.6247 [0.3858,0.8352]  vs full -0.1181   auroc_near 0.9513
    rand8    top1 0.5318 [0.3158,0.6670]  vs full -0.2110   auroc_near 0.7872
    int8     top1 0.7419 [0.4445,0.9087]  vs full -0.0008   auroc_near 0.9851
    int4     top1 0.7423 [0.4445,0.9087]  vs full -0.0005   auroc_near 0.9851

=== K=10  EASY (random) ===
  bioclip2  (23s)
    full     top1 0.9888 [0.9639,1.0000]  vs full +0.0000   auroc_near 0.9682
    pca256   top1 0.9888 [0.9639,1.0000]  vs full +0.0000   auroc_near 0.9681
    rand256  top1 0.9860 [0.9638,1.0000]  vs full -0.0028   auroc_near 0.9623
    pca64    top1 0.9897 [0.9639,1.0000]  vs full +0.0010   auroc_near 0.9641
    rand64   top1 0.9811 [0.9554,0.9977]  vs full -0.0077   auroc_near 0.9348
    pca32    top1 0.9873 [0.9532,1.0000]  vs full -0.0015   auroc_near 0.9567
    rand32   top1 0.9624 [0.9123,0.9923]  vs full -0.0263   auroc_near 0.9122
    pca16    top1 0.9819 [0.9442,1.0000]  vs full -0.0069   auroc_near 0.9339
    rand16   top1 0.9099 [0.8401,0.9660]  vs full -0.0789   auroc_near 0.8478
    pca8     top1 0.9584 [0.8971,0.9925]  vs full -0.0304   auroc_near 0.9228
    rand8    top1 0.8053 [0.7324,0.8484]  vs full -0.1835   auroc_near 0.7103
    int8     top1 0.9888 [0.9639,1.0000]  vs full +0.0000   auroc_near 0.9682
    int4     top1 0.9882 [0.9639,1.0000]  vs full -0.0006   auroc_near 0.9682
  plantclef24  (19s)
    full     top1 0.9923 [0.9609,1.0000]  vs full +0.0000   auroc_near 0.9798
    pca256   top1 0.9913 [0.9594,1.0000]  vs full -0.0010   auroc_near 0.9791
    rand256  top1 0.9877 [0.9538,1.0000]  vs full -0.0047   auroc_near 0.9732
    pca64    top1 0.9893 [0.9489,1.0000]  vs full -0.0030   auroc_near 0.9774
    rand64   top1 0.9788 [0.9359,1.0000]  vs full -0.0135   auroc_near 0.9489
    pca32    top1 0.9887 [0.9583,1.0000]  vs full -0.0037   auroc_near 0.9736
    rand32   top1 0.9375 [0.8952,0.9944]  vs full -0.0549   auroc_near 0.8973
    pca16    top1 0.9822 [0.9414,1.0000]  vs full -0.0101   auroc_near 0.9629
    rand16   top1 0.8407 [0.7697,0.8877]  vs full -0.1516   auroc_near 0.7987
    pca8     top1 0.9654 [0.8648,1.0000]  vs full -0.0269   auroc_near 0.9370
    rand8    top1 0.6847 [0.6156,0.7631]  vs full -0.3077   auroc_near 0.6814
    int8     top1 0.9919 [0.9594,1.0000]  vs full -0.0005   auroc_near 0.9798
    int4     top1 0.9918 [0.9609,1.0000]  vs full -0.0006   auroc_near 0.9797
  mobileclip2_s2  (26s)
    full     top1 0.9730 [0.9298,1.0000]  vs full +0.0000   auroc_near 0.9447
    pca256   top1 0.9719 [0.9188,1.0000]  vs full -0.0011   auroc_near 0.9437
    rand256  top1 0.9729 [0.9279,0.9972]  vs full -0.0001   auroc_near 0.9443
    pca64    top1 0.9692 [0.9073,1.0000]  vs full -0.0039   auroc_near 0.9415
    rand64   top1 0.9541 [0.8816,0.9859]  vs full -0.0189   auroc_near 0.9017
    pca32    top1 0.9695 [0.9334,0.9954]  vs full -0.0036   auroc_near 0.9351
    rand32   top1 0.9229 [0.8669,0.9623]  vs full -0.0501   auroc_near 0.8693
    pca16    top1 0.9520 [0.8989,0.9911]  vs full -0.0211   auroc_near 0.9054
    rand16   top1 0.8538 [0.7778,0.9238]  vs full -0.1192   auroc_near 0.7823
    pca8     top1 0.9050 [0.8352,0.9647]  vs full -0.0680   auroc_near 0.8411
    rand8    top1 0.6879 [0.6123,0.7934]  vs full -0.2851   auroc_near 0.6586
    int8     top1 0.9741 [0.9299,1.0000]  vs full +0.0010   auroc_near 0.9446
    int4     top1 0.9733 [0.9188,0.9977]  vs full +0.0003   auroc_near 0.9410
  mobileclip2_s0  (27s)
    full     top1 0.9546 [0.9039,0.9832]  vs full +0.0000   auroc_near 0.9322
    pca256   top1 0.9550 [0.8954,0.9832]  vs full +0.0004   auroc_near 0.9291
    rand256  top1 0.9526 [0.8829,0.9825]  vs full -0.0020   auroc_near 0.9157
    pca64    top1 0.9514 [0.8849,0.9832]  vs full -0.0032   auroc_near 0.9220
    rand64   top1 0.9169 [0.8593,0.9737]  vs full -0.0377   auroc_near 0.8844
    pca32    top1 0.9384 [0.8493,0.9786]  vs full -0.0162   auroc_near 0.9008
    rand32   top1 0.8722 [0.7503,0.9343]  vs full -0.0824   auroc_near 0.8236
    pca16    top1 0.9180 [0.8423,0.9694]  vs full -0.0366   auroc_near 0.8630
    rand16   top1 0.7808 [0.7041,0.8376]  vs full -0.1738   auroc_near 0.7297
    pca8     top1 0.8402 [0.7281,0.9048]  vs full -0.1144   auroc_near 0.7848
    rand8    top1 0.6242 [0.4919,0.7203]  vs full -0.3304   auroc_near 0.6615
    int8     top1 0.9568 [0.9039,0.9832]  vs full +0.0022   auroc_near 0.9335
    int4     top1 0.9561 [0.8929,0.9883]  vs full +0.0015   auroc_near 0.9337

=== K=10  HARD (congeners) ===
  bioclip2  (38s)
    full     top1 0.7524 [0.5929,0.8713]  vs full +0.0000   auroc_near 0.9952
    pca256   top1 0.7546 [0.5929,0.8744]  vs full +0.0022   auroc_near 0.9951
    rand256  top1 0.7452 [0.5751,0.8515]  vs full -0.0072   auroc_near 0.9928
    pca64    top1 0.7381 [0.5358,0.8647]  vs full -0.0143   auroc_near 0.9950
    rand64   top1 0.7329 [0.5828,0.8695]  vs full -0.0195   auroc_near 0.9867
    pca32    top1 0.7379 [0.5964,0.8674]  vs full -0.0145   auroc_near 0.9941
    rand32   top1 0.6906 [0.4963,0.8480]  vs full -0.0618   auroc_near 0.9739
    pca16    top1 0.7144 [0.5509,0.8674]  vs full -0.0380   auroc_near 0.9934
    rand16   top1 0.6379 [0.4574,0.8089]  vs full -0.1145   auroc_near 0.9362
    pca8     top1 0.6785 [0.5156,0.8541]  vs full -0.0739   auroc_near 0.9918
    rand8    top1 0.5585 [0.4378,0.7129]  vs full -0.1939   auroc_near 0.8108
    int8     top1 0.7499 [0.5929,0.8713]  vs full -0.0025   auroc_near 0.9951
    int4     top1 0.7509 [0.5740,0.8744]  vs full -0.0015   auroc_near 0.9950
  plantclef24  (30s)
    full     top1 0.7648 [0.5660,0.8964]  vs full +0.0000   auroc_near 0.9970
    pca256   top1 0.7580 [0.5751,0.8912]  vs full -0.0068   auroc_near 0.9968
    rand256  top1 0.7521 [0.5699,0.8677]  vs full -0.0127   auroc_near 0.9948
    pca64    top1 0.7449 [0.5383,0.8831]  vs full -0.0200   auroc_near 0.9966
    rand64   top1 0.7167 [0.5218,0.8695]  vs full -0.0481   auroc_near 0.9859
    pca32    top1 0.7413 [0.5358,0.8912]  vs full -0.0235   auroc_near 0.9962
    rand32   top1 0.6855 [0.5257,0.8107]  vs full -0.0793   auroc_near 0.9618
    pca16    top1 0.7320 [0.5285,0.8592]  vs full -0.0328   auroc_near 0.9954
    rand16   top1 0.5957 [0.4126,0.7375]  vs full -0.1691   auroc_near 0.8715
    pca8     top1 0.6842 [0.4634,0.8409]  vs full -0.0806   auroc_near 0.9945
    rand8    top1 0.5046 [0.3783,0.6530]  vs full -0.2602   auroc_near 0.7410
    int8     top1 0.7643 [0.5660,0.8964]  vs full -0.0005   auroc_near 0.9970
    int4     top1 0.7633 [0.5682,0.8964]  vs full -0.0016   auroc_near 0.9969
  mobileclip2_s2  (37s)
    full     top1 0.7159 [0.5471,0.8432]  vs full +0.0000   auroc_near 0.9883
    pca256   top1 0.7170 [0.5611,0.8383]  vs full +0.0011   auroc_near 0.9884
    rand256  top1 0.6921 [0.4788,0.8185]  vs full -0.0238   auroc_near 0.9871
    pca64    top1 0.7000 [0.5057,0.8149]  vs full -0.0159   auroc_near 0.9866
    rand64   top1 0.6587 [0.5466,0.7988]  vs full -0.0572   auroc_near 0.9775
    pca32    top1 0.6821 [0.4991,0.7845]  vs full -0.0338   auroc_near 0.9855
    rand32   top1 0.6245 [0.4332,0.7644]  vs full -0.0914   auroc_near 0.9539
    pca16    top1 0.6452 [0.4623,0.7883]  vs full -0.0707   auroc_near 0.9801
    rand16   top1 0.5593 [0.4177,0.6933]  vs full -0.1566   auroc_near 0.8855
    pca8     top1 0.5517 [0.4145,0.7393]  vs full -0.1642   auroc_near 0.9663
    rand8    top1 0.4343 [0.3070,0.6194]  vs full -0.2816   auroc_near 0.8207
    int8     top1 0.7199 [0.5471,0.8449]  vs full +0.0039   auroc_near 0.9890
    int4     top1 0.7151 [0.5509,0.8356]  vs full -0.0008   auroc_near 0.9888
  mobileclip2_s0  (36s)
    full     top1 0.6858 [0.5054,0.8223]  vs full +0.0000   auroc_near 0.9812
    pca256   top1 0.6838 [0.5015,0.8195]  vs full -0.0020   auroc_near 0.9812
    rand256  top1 0.6641 [0.4637,0.8039]  vs full -0.0216   auroc_near 0.9758
    pca64    top1 0.6758 [0.4812,0.8168]  vs full -0.0100   auroc_near 0.9781
    rand64   top1 0.6289 [0.4994,0.7656]  vs full -0.0569   auroc_near 0.9627
    pca32    top1 0.6575 [0.5214,0.7646]  vs full -0.0283   auroc_near 0.9724
    rand32   top1 0.6012 [0.4964,0.7551]  vs full -0.0846   auroc_near 0.9354
    pca16    top1 0.6057 [0.4519,0.7331]  vs full -0.0800   auroc_near 0.9630
    rand16   top1 0.5018 [0.3971,0.5898]  vs full -0.1840   auroc_near 0.8840
    pca8     top1 0.5248 [0.3678,0.6947]  vs full -0.1610   auroc_near 0.9387
    rand8    top1 0.4037 [0.2689,0.5363]  vs full -0.2820   auroc_near 0.7898
    int8     top1 0.6854 [0.4966,0.8116]  vs full -0.0004   auroc_near 0.9807
    int4     top1 0.6879 [0.4914,0.8221]  vs full +0.0021   auroc_near 0.9802

=== K=20  EASY (random) ===
  bioclip2  (37s)
    full     top1 0.9790 [0.9429,0.9905]  vs full +0.0000   auroc_near 0.9494
    pca256   top1 0.9807 [0.9456,0.9939]  vs full +0.0017   auroc_near 0.9470
    rand256  top1 0.9776 [0.9431,0.9911]  vs full -0.0013   auroc_near 0.9478
    pca64    top1 0.9795 [0.9465,0.9946]  vs full +0.0005   auroc_near 0.9472
    rand64   top1 0.9678 [0.9391,0.9845]  vs full -0.0111   auroc_near 0.9073
    pca32    top1 0.9768 [0.9501,0.9939]  vs full -0.0021   auroc_near 0.9399
    rand32   top1 0.9355 [0.9077,0.9737]  vs full -0.0435   auroc_near 0.8712
    pca16    top1 0.9677 [0.9438,0.9853]  vs full -0.0113   auroc_near 0.9290
    rand16   top1 0.8759 [0.8279,0.9402]  vs full -0.1031   auroc_near 0.7777
    pca8     top1 0.9413 [0.9137,0.9738]  vs full -0.0377   auroc_near 0.8785
    rand8    top1 0.7153 [0.6558,0.7873]  vs full -0.2637   auroc_near 0.6311
    int8     top1 0.9810 [0.9456,0.9943]  vs full +0.0020   auroc_near 0.9497
    int4     top1 0.9807 [0.9456,0.9919]  vs full +0.0017   auroc_near 0.9499
  plantclef24  (29s)
    full     top1 0.9865 [0.9597,0.9984]  vs full +0.0000   auroc_near 0.9631
    pca256   top1 0.9862 [0.9589,0.9984]  vs full -0.0003   auroc_near 0.9638
    rand256  top1 0.9807 [0.9388,0.9942]  vs full -0.0058   auroc_near 0.9543
    pca64    top1 0.9836 [0.9570,0.9939]  vs full -0.0029   auroc_near 0.9619
    rand64   top1 0.9526 [0.9192,0.9838]  vs full -0.0339   auroc_near 0.9192
    pca32    top1 0.9810 [0.9555,0.9938]  vs full -0.0055   auroc_near 0.9499
    rand32   top1 0.9097 [0.8755,0.9452]  vs full -0.0768   auroc_near 0.8651
    pca16    top1 0.9683 [0.9438,0.9895]  vs full -0.0182   auroc_near 0.9372
    rand16   top1 0.7707 [0.7280,0.8284]  vs full -0.2158   auroc_near 0.7307
    pca8     top1 0.9238 [0.8944,0.9680]  vs full -0.0627   auroc_near 0.8976
    rand8    top1 0.5725 [0.4493,0.6523]  vs full -0.4140   auroc_near 0.6411
    int8     top1 0.9865 [0.9597,0.9984]  vs full +0.0000   auroc_near 0.9630
    int4     top1 0.9856 [0.9588,0.9984]  vs full -0.0009   auroc_near 0.9641
  mobileclip2_s2  (42s)
    full     top1 0.9493 [0.9273,0.9694]  vs full +0.0000   auroc_near 0.9217
    pca256   top1 0.9460 [0.9136,0.9694]  vs full -0.0033   auroc_near 0.9194
    rand256  top1 0.9426 [0.9160,0.9716]  vs full -0.0067   auroc_near 0.9201
    pca64    top1 0.9423 [0.9110,0.9694]  vs full -0.0069   auroc_near 0.9129
    rand64   top1 0.9132 [0.8758,0.9527]  vs full -0.0361   auroc_near 0.8702
    pca32    top1 0.9381 [0.9030,0.9674]  vs full -0.0111   auroc_near 0.8998
    rand32   top1 0.8563 [0.8003,0.9091]  vs full -0.0930   auroc_near 0.8171
    pca16    top1 0.8977 [0.8626,0.9416]  vs full -0.0516   auroc_near 0.8599
    rand16   top1 0.7701 [0.7086,0.8127]  vs full -0.1792   auroc_near 0.7045
    pca8     top1 0.8086 [0.7359,0.8794]  vs full -0.1407   auroc_near 0.7682
    rand8    top1 0.5811 [0.5013,0.6412]  vs full -0.3682   auroc_near 0.6134
    int8     top1 0.9468 [0.9154,0.9694]  vs full -0.0025   auroc_near 0.9226
    int4     top1 0.9473 [0.9159,0.9667]  vs full -0.0020   auroc_near 0.9200
  mobileclip2_s0  (45s)
    full     top1 0.9290 [0.8928,0.9677]  vs full +0.0000   auroc_near 0.9030
    pca256   top1 0.9296 [0.8928,0.9619]  vs full +0.0006   auroc_near 0.9069
    rand256  top1 0.9160 [0.8619,0.9532]  vs full -0.0130   auroc_near 0.8965
    pca64    top1 0.9176 [0.8628,0.9577]  vs full -0.0114   auroc_near 0.8883
    rand64   top1 0.8605 [0.7970,0.9143]  vs full -0.0685   auroc_near 0.8324
    pca32    top1 0.9054 [0.8615,0.9345]  vs full -0.0236   auroc_near 0.8677
    rand32   top1 0.8010 [0.7490,0.8522]  vs full -0.1280   auroc_near 0.7527
    pca16    top1 0.8584 [0.8219,0.9125]  vs full -0.0705   auroc_near 0.8171
    rand16   top1 0.6905 [0.6141,0.7539]  vs full -0.2384   auroc_near 0.6747
    pca8     top1 0.7452 [0.6880,0.8115]  vs full -0.1838   auroc_near 0.7305
    rand8    top1 0.4932 [0.3670,0.5812]  vs full -0.4358   auroc_near 0.5815
    int8     top1 0.9284 [0.8924,0.9677]  vs full -0.0006   auroc_near 0.9014
    int4     top1 0.9285 [0.8952,0.9619]  vs full -0.0005   auroc_near 0.8995

=== K=20  HARD (congeners) ===
  bioclip2  (64s)
    full     top1 0.7478 [0.6379,0.9053]  vs full +0.0000   auroc_near 0.9870
    pca256   top1 0.7451 [0.6400,0.9053]  vs full -0.0027   auroc_near 0.9901
    rand256  top1 0.7410 [0.6311,0.8948]  vs full -0.0069   auroc_near 0.9867
    pca64    top1 0.7383 [0.6567,0.8788]  vs full -0.0096   auroc_near 0.9889
    rand64   top1 0.7207 [0.6045,0.8849]  vs full -0.0272   auroc_near 0.9686
    pca32    top1 0.7377 [0.6395,0.8976]  vs full -0.0101   auroc_near 0.9868
    rand32   top1 0.6975 [0.5805,0.8320]  vs full -0.0503   auroc_near 0.9453
    pca16    top1 0.7156 [0.5607,0.8737]  vs full -0.0323   auroc_near 0.9809
    rand16   top1 0.6496 [0.5510,0.7988]  vs full -0.0983   auroc_near 0.8799
    pca8     top1 0.6644 [0.5266,0.8374]  vs full -0.0835   auroc_near 0.9764
    rand8    top1 0.5271 [0.4128,0.6674]  vs full -0.2207   auroc_near 0.7451
    int8     top1 0.7505 [0.6432,0.9053]  vs full +0.0027   auroc_near 0.9894
    int4     top1 0.7461 [0.6272,0.9073]  vs full -0.0017   auroc_near 0.9870
  plantclef24  (50s)
    full     top1 0.7558 [0.6632,0.8947]  vs full +0.0000   auroc_near 0.9934
    pca256   top1 0.7602 [0.6805,0.9032]  vs full +0.0044   auroc_near 0.9936
    rand256  top1 0.7531 [0.6703,0.8910]  vs full -0.0028   auroc_near 0.9901
    pca64    top1 0.7475 [0.6423,0.8966]  vs full -0.0084   auroc_near 0.9932
    rand64   top1 0.7169 [0.6374,0.8501]  vs full -0.0389   auroc_near 0.9666
    pca32    top1 0.7322 [0.6315,0.8731]  vs full -0.0236   auroc_near 0.9927
    rand32   top1 0.6603 [0.5445,0.8308]  vs full -0.0956   auroc_near 0.9258
    pca16    top1 0.6994 [0.5810,0.8447]  vs full -0.0564   auroc_near 0.9916
    rand16   top1 0.5720 [0.4539,0.7077]  vs full -0.1838   auroc_near 0.8327
    pca8     top1 0.6593 [0.5188,0.7978]  vs full -0.0965   auroc_near 0.9891
    rand8    top1 0.4395 [0.3527,0.5275]  vs full -0.3163   auroc_near 0.7024
    int8     top1 0.7586 [0.6618,0.8971]  vs full +0.0027   auroc_near 0.9932
    int4     top1 0.7589 [0.6546,0.9104]  vs full +0.0031   auroc_near 0.9933
  mobileclip2_s2  (60s)
    full     top1 0.6996 [0.6189,0.8203]  vs full +0.0000   auroc_near 0.9748
    pca256   top1 0.6972 [0.6201,0.8162]  vs full -0.0024   auroc_near 0.9735
    rand256  top1 0.6850 [0.5946,0.8146]  vs full -0.0145   auroc_near 0.9718
    pca64    top1 0.6903 [0.5882,0.8253]  vs full -0.0093   auroc_near 0.9712
    rand64   top1 0.6556 [0.5774,0.7825]  vs full -0.0440   auroc_near 0.9458
    pca32    top1 0.6672 [0.5873,0.8021]  vs full -0.0324   auroc_near 0.9625
    rand32   top1 0.5997 [0.5097,0.7180]  vs full -0.0998   auroc_near 0.9038
    pca16    top1 0.6314 [0.5460,0.7724]  vs full -0.0682   auroc_near 0.9504
    rand16   top1 0.5318 [0.4531,0.6629]  vs full -0.1678   auroc_near 0.8233
    pca8     top1 0.5583 [0.4459,0.6899]  vs full -0.1412   auroc_near 0.9068
    rand8    top1 0.3906 [0.2642,0.4526]  vs full -0.3090   auroc_near 0.7022
    int8     top1 0.7002 [0.6175,0.8188]  vs full +0.0006   auroc_near 0.9753
    int4     top1 0.7014 [0.6325,0.8246]  vs full +0.0018   auroc_near 0.9733
  mobileclip2_s0  (57s)
    full     top1 0.6802 [0.5930,0.8288]  vs full +0.0000   auroc_near 0.9556
    pca256   top1 0.6769 [0.5832,0.8203]  vs full -0.0033   auroc_near 0.9535
    rand256  top1 0.6643 [0.5881,0.8160]  vs full -0.0159   auroc_near 0.9473
    pca64    top1 0.6654 [0.5768,0.8151]  vs full -0.0148   auroc_near 0.9524
    rand64   top1 0.6209 [0.4961,0.7922]  vs full -0.0593   auroc_near 0.9130
    pca32    top1 0.6350 [0.5528,0.7902]  vs full -0.0452   auroc_near 0.9366
    rand32   top1 0.5485 [0.4720,0.6675]  vs full -0.1317   auroc_near 0.8568
    pca16    top1 0.6031 [0.5217,0.7561]  vs full -0.0771   auroc_near 0.9145
    rand16   top1 0.4500 [0.3612,0.6074]  vs full -0.2302   auroc_near 0.7739
    pca8     top1 0.5149 [0.4363,0.6422]  vs full -0.1653   auroc_near 0.8551
    rand8    top1 0.3449 [0.2506,0.4533]  vs full -0.3353   auroc_near 0.7090
    int8     top1 0.6836 [0.6027,0.8288]  vs full +0.0034   auroc_near 0.9571
    int4     top1 0.6792 [0.5946,0.8305]  vs full -0.0010   auroc_near 0.9567

=== K=50  EASY (random) ===
  bioclip2  (117s)
    full     top1 0.9386 [0.8734,0.9809]  vs full +0.0000   auroc_near 0.9261
    pca256   top1 0.9359 [0.8683,0.9750]  vs full -0.0026   auroc_near 0.9095
    rand256  top1 0.9346 [0.8666,0.9763]  vs full -0.0040   auroc_near 0.9178
    pca64    top1 0.9381 [0.8779,0.9774]  vs full -0.0005   auroc_near 0.9187
    rand64   top1 0.9179 [0.8395,0.9562]  vs full -0.0207   auroc_near 0.8717
    pca32    top1 0.9302 [0.8675,0.9678]  vs full -0.0083   auroc_near 0.9133
    rand32   top1 0.8831 [0.8300,0.9251]  vs full -0.0554   auroc_near 0.8224
    pca16    top1 0.9103 [0.8421,0.9483]  vs full -0.0282   auroc_near 0.8836
    rand16   top1 0.7903 [0.7264,0.8359]  vs full -0.1483   auroc_near 0.7020
    pca8     top1 0.8453 [0.7801,0.9059]  vs full -0.0932   auroc_near 0.7934
    rand8    top1 0.5768 [0.5190,0.6204]  vs full -0.3618   auroc_near 0.5700
    int8     top1 0.9385 [0.8723,0.9809]  vs full -0.0001   auroc_near 0.9267
    int4     top1 0.9373 [0.8711,0.9733]  vs full -0.0013   auroc_near 0.9120
  plantclef24  (93s)
    full     top1 0.9452 [0.8841,0.9797]  vs full +0.0000   auroc_near 0.9339
    pca256   top1 0.9432 [0.8780,0.9786]  vs full -0.0020   auroc_near 0.9331
    rand256  top1 0.9370 [0.8750,0.9757]  vs full -0.0081   auroc_near 0.9239
    pca64    top1 0.9389 [0.8700,0.9752]  vs full -0.0062   auroc_near 0.9287
    rand64   top1 0.9000 [0.8443,0.9394]  vs full -0.0452   auroc_near 0.8779
    pca32    top1 0.9276 [0.8531,0.9683]  vs full -0.0176   auroc_near 0.9217
    rand32   top1 0.8348 [0.7687,0.8804]  vs full -0.1104   auroc_near 0.7986
    pca16    top1 0.8928 [0.8163,0.9319]  vs full -0.0523   auroc_near 0.8788
    rand16   top1 0.6709 [0.6039,0.7284]  vs full -0.2742   auroc_near 0.6672
    pca8     top1 0.7943 [0.7357,0.8415]  vs full -0.1509   auroc_near 0.8054
    rand8    top1 0.4160 [0.3458,0.4678]  vs full -0.5292   auroc_near 0.5650
    int8     top1 0.9453 [0.8841,0.9797]  vs full +0.0001   auroc_near 0.9343
    int4     top1 0.9445 [0.8819,0.9797]  vs full -0.0007   auroc_near 0.9326
  mobileclip2_s2  (129s)
    full     top1 0.8990 [0.8417,0.9468]  vs full +0.0000   auroc_near 0.8699
    pca256   top1 0.8992 [0.8400,0.9496]  vs full +0.0002   auroc_near 0.8679
    rand256  top1 0.8865 [0.8284,0.9340]  vs full -0.0125   auroc_near 0.8600
    pca64    top1 0.8892 [0.8304,0.9437]  vs full -0.0097   auroc_near 0.8501
    rand64   top1 0.8354 [0.7674,0.8999]  vs full -0.0635   auroc_near 0.8066
    pca32    top1 0.8661 [0.8061,0.9236]  vs full -0.0328   auroc_near 0.8272
    rand32   top1 0.7670 [0.6993,0.8134]  vs full -0.1320   auroc_near 0.7292
    pca16    top1 0.8120 [0.7494,0.8654]  vs full -0.0869   auroc_near 0.7697
    rand16   top1 0.6245 [0.5478,0.6834]  vs full -0.2745   auroc_near 0.6236
    pca8     top1 0.6705 [0.6115,0.7208]  vs full -0.2285   auroc_near 0.6637
    rand8    top1 0.4201 [0.3596,0.4757]  vs full -0.4788   auroc_near 0.5545
    int8     top1 0.8999 [0.8406,0.9502]  vs full +0.0009   auroc_near 0.8689
    int4     top1 0.8998 [0.8396,0.9504]  vs full +0.0008   auroc_near 0.8648
  mobileclip2_s0  (130s)
    full     top1 0.8666 [0.8143,0.9052]  vs full +0.0000   auroc_near 0.8414
    pca256   top1 0.8664 [0.8106,0.9099]  vs full -0.0002   auroc_near 0.8440
    rand256  top1 0.8485 [0.7916,0.8796]  vs full -0.0181   auroc_near 0.8252
    pca64    top1 0.8455 [0.7722,0.8984]  vs full -0.0212   auroc_near 0.8191
    rand64   top1 0.7830 [0.7231,0.8290]  vs full -0.0836   auroc_near 0.7561
    pca32    top1 0.8211 [0.7628,0.8750]  vs full -0.0456   auroc_near 0.7795
    rand32   top1 0.6780 [0.5927,0.7286]  vs full -0.1887   auroc_near 0.6827
    pca16    top1 0.7434 [0.6855,0.7887]  vs full -0.1232   auroc_near 0.7138
    rand16   top1 0.5156 [0.4519,0.5717]  vs full -0.3510   auroc_near 0.5919
    pca8     top1 0.5851 [0.5245,0.6313]  vs full -0.2816   auroc_near 0.6261
    rand8    top1 0.3252 [0.2442,0.3920]  vs full -0.5414   auroc_near 0.5451
    int8     top1 0.8685 [0.8157,0.9083]  vs full +0.0018   auroc_near 0.8413
    int4     top1 0.8680 [0.8134,0.9146]  vs full +0.0014   auroc_near 0.8422

=== K=50  HARD (congeners) ===
  bioclip2  (156s)
    full     top1 0.7100 [0.6265,0.7815]  vs full +0.0000   auroc_near 0.9840
    pca256   top1 0.7080 [0.6217,0.7817]  vs full -0.0020   auroc_near 0.9858
    rand256  top1 0.7039 [0.6175,0.7779]  vs full -0.0061   auroc_near 0.9804
    pca64    top1 0.7009 [0.6111,0.7790]  vs full -0.0091   auroc_near 0.9855
    rand64   top1 0.6837 [0.6096,0.7665]  vs full -0.0263   auroc_near 0.9621
    pca32    top1 0.6909 [0.6031,0.7752]  vs full -0.0191   auroc_near 0.9844
    rand32   top1 0.6468 [0.5524,0.7279]  vs full -0.0632   auroc_near 0.9146
    pca16    top1 0.6662 [0.5757,0.7494]  vs full -0.0437   auroc_near 0.9789
    rand16   top1 0.5761 [0.4758,0.6628]  vs full -0.1338   auroc_near 0.8198
    pca8     top1 0.6106 [0.5074,0.6897]  vs full -0.0994   auroc_near 0.9603
    rand8    top1 0.4392 [0.3644,0.5103]  vs full -0.2708   auroc_near 0.6695
    int8     top1 0.7092 [0.6253,0.7825]  vs full -0.0008   auroc_near 0.9846
    int4     top1 0.7078 [0.6204,0.7779]  vs full -0.0022   auroc_near 0.9862
  plantclef24  (123s)
    full     top1 0.7240 [0.6360,0.7942]  vs full +0.0000   auroc_near 0.9920
    pca256   top1 0.7237 [0.6355,0.7959]  vs full -0.0003   auroc_near 0.9915
    rand256  top1 0.7121 [0.6146,0.7752]  vs full -0.0119   auroc_near 0.9869
    pca64    top1 0.7035 [0.6130,0.7744]  vs full -0.0205   auroc_near 0.9908
    rand64   top1 0.6779 [0.5969,0.7348]  vs full -0.0460   auroc_near 0.9576
    pca32    top1 0.6889 [0.5849,0.7577]  vs full -0.0351   auroc_near 0.9899
    rand32   top1 0.6113 [0.5285,0.6862]  vs full -0.1126   auroc_near 0.8953
    pca16    top1 0.6551 [0.5443,0.7305]  vs full -0.0688   auroc_near 0.9861
    rand16   top1 0.4903 [0.4247,0.5668]  vs full -0.2336   auroc_near 0.7783
    pca8     top1 0.5744 [0.4914,0.6275]  vs full -0.1496   auroc_near 0.9704
    rand8    top1 0.3283 [0.2803,0.3791]  vs full -0.3956   auroc_near 0.6478
    int8     top1 0.7225 [0.6360,0.7942]  vs full -0.0014   auroc_near 0.9920
    int4     top1 0.7257 [0.6401,0.7929]  vs full +0.0018   auroc_near 0.9919
  mobileclip2_s2  (155s)
    full     top1 0.6584 [0.5883,0.7471]  vs full +0.0000   auroc_near 0.9627
    pca256   top1 0.6572 [0.5692,0.7433]  vs full -0.0012   auroc_near 0.9628
    rand256  top1 0.6377 [0.5425,0.7261]  vs full -0.0207   auroc_near 0.9536
    pca64    top1 0.6409 [0.5710,0.7257]  vs full -0.0175   auroc_near 0.9548
    rand64   top1 0.5937 [0.5392,0.6732]  vs full -0.0647   auroc_near 0.9198
    pca32    top1 0.6160 [0.5732,0.7022]  vs full -0.0425   auroc_near 0.9462
    rand32   top1 0.5328 [0.4781,0.5993]  vs full -0.1256   auroc_near 0.8616
    pca16    top1 0.5609 [0.4920,0.6453]  vs full -0.0975   auroc_near 0.9218
    rand16   top1 0.4244 [0.3636,0.4922]  vs full -0.2340   auroc_near 0.7512
    pca8     top1 0.4507 [0.3729,0.5322]  vs full -0.2077   auroc_near 0.8600
    rand8    top1 0.2796 [0.2458,0.3121]  vs full -0.3788   auroc_near 0.6694
    int8     top1 0.6598 [0.5948,0.7386]  vs full +0.0014   auroc_near 0.9631
    int4     top1 0.6529 [0.5618,0.7439]  vs full -0.0056   auroc_near 0.9608
  mobileclip2_s0  (150s)
    full     top1 0.6217 [0.5644,0.6920]  vs full +0.0000   auroc_near 0.9404
    pca256   top1 0.6211 [0.5550,0.6925]  vs full -0.0006   auroc_near 0.9405
    rand256  top1 0.6080 [0.5725,0.6656]  vs full -0.0137   auroc_near 0.9265
    pca64    top1 0.6028 [0.5543,0.6758]  vs full -0.0189   auroc_near 0.9267
    rand64   top1 0.5409 [0.4782,0.6243]  vs full -0.0808   auroc_near 0.8787
    pca32    top1 0.5746 [0.5237,0.6274]  vs full -0.0470   auroc_near 0.9075
    rand32   top1 0.4659 [0.4254,0.5179]  vs full -0.1557   auroc_near 0.8064
    pca16    top1 0.5112 [0.4545,0.5620]  vs full -0.1105   auroc_near 0.8675
    rand16   top1 0.3519 [0.2888,0.4228]  vs full -0.2698   auroc_near 0.7030
    pca8     top1 0.3943 [0.3195,0.4601]  vs full -0.2273   auroc_near 0.7997
    rand8    top1 0.2342 [0.2029,0.2690]  vs full -0.3875   auroc_near 0.6185
    int8     top1 0.6240 [0.5676,0.6952]  vs full +0.0024   auroc_near 0.9397
    int4     top1 0.6204 [0.5675,0.6834]  vs full -0.0012   auroc_near 0.9403

