
arm crowded: 14 labels — Sedum acre, Sedum album, Sedum dasyphyllum, Sedum hispanicum, ...
  teacher                  label_share 0.5537  coverage 0.7100  precision 0.9545  top1 0.8967  headroom 0.1189

  wrote analysis/distil_crowded_scratch.json
  transfer set 29499 images, teacher posteriors precomputed (15 classes)
  student [scratch] 138,351 params — 0.55 MB fp32, 0.14 MB int8
  epoch 1/60  kl 2.0477  20s
  epoch 2/60  kl 1.1411  15s
  epoch 3/60  kl 1.1186  15s
  epoch 4/60  kl 1.1005  15s
  epoch 5/60  kl 1.0790  14s
  epoch 6/60  kl 1.0632  14s
  epoch 7/60  kl 1.0480  14s
  epoch 8/60  kl 1.0367  14s
  epoch 9/60  kl 1.0208  14s
  epoch 10/60  kl 1.0110  14s
  epoch 11/60  kl 0.9988  14s
  epoch 12/60  kl 0.9852  14s
  epoch 13/60  kl 0.9721  14s
  epoch 14/60  kl 0.9610  13s
  epoch 15/60  kl 0.9492  13s
  epoch 16/60  kl 0.9336  13s
  epoch 17/60  kl 0.9254  13s
  epoch 18/60  kl 0.9110  13s
  epoch 19/60  kl 0.9000  13s
  epoch 20/60  kl 0.8830  13s
  epoch 21/60  kl 0.8757  13s
  epoch 22/60  kl 0.8622  13s
  epoch 23/60  kl 0.8493  13s
  epoch 24/60  kl 0.8374  14s
  epoch 25/60  kl 0.8338  14s
  epoch 26/60  kl 0.8146  14s
  epoch 27/60  kl 0.8092  14s
  epoch 28/60  kl 0.7971  15s
  epoch 29/60  kl 0.7897  15s
  epoch 30/60  kl 0.7801  15s
  epoch 31/60  kl 0.7693  15s
  epoch 32/60  kl 0.7573  15s
  epoch 33/60  kl 0.7523  15s
  epoch 34/60  kl 0.7399  15s
  epoch 35/60  kl 0.7264  15s
  epoch 36/60  kl 0.7220  15s
  epoch 37/60  kl 0.7086  14s
  epoch 38/60  kl 0.6987  14s
  epoch 39/60  kl 0.6898  15s
  epoch 40/60  kl 0.6835  14s
  epoch 41/60  kl 0.6798  15s
  epoch 42/60  kl 0.6693  14s
  epoch 43/60  kl 0.6628  14s
  epoch 44/60  kl 0.6526  15s
  epoch 45/60  kl 0.6439  14s
  epoch 46/60  kl 0.6394  14s
  epoch 47/60  kl 0.6341  15s
  epoch 48/60  kl 0.6200  15s
  epoch 49/60  kl 0.6151  15s
  epoch 50/60  kl 0.6144  16s
  epoch 51/60  kl 0.6065  15s
  epoch 52/60  kl 0.6007  15s
  epoch 53/60  kl 0.5972  15s
  epoch 54/60  kl 0.5967  15s
  epoch 55/60  kl 0.5905  15s
  epoch 56/60  kl 0.5925  15s
  epoch 57/60  kl 0.5892  15s
  epoch 58/60  kl 0.5902  15s
  epoch 59/60  kl 0.5872  14s
  epoch 60/60  kl 0.5903  14s
  student                  label_share 0.0000  coverage 0.1129  precision 0.9369  top1 0.2769  headroom 0.5000

  label_share  teacher 0.5537 -> student 0.0000  (-0.5537)
  wrote analysis/distil_crowded_scratch.json

arm crowded: 14 labels — Sedum acre, Sedum album, Sedum dasyphyllum, Sedum hispanicum, ...
  teacher                  label_share 0.5537  coverage 0.7100  precision 0.9545  top1 0.8967  headroom 0.1189

  wrote analysis/distil_crowded_imagenet.json
  transfer set 29499 images, teacher posteriors precomputed (15 classes)
Downloading: "https://download.pytorch.org/models/mobilenet_v3_small-047dcff4.pth" to /Users/jameskelly/.cache/torch/hub/checkpoints/mobilenet_v3_small-047dcff4.pth
  0%|          | 0.00/9.83M [00:00<?, ?B/s] 24%|██▍       | 2.38M/9.83M [00:00<00:00, 23.6MB/s] 85%|████████▌ | 8.38M/9.83M [00:00<00:00, 42.7MB/s]100%|██████████| 9.83M/9.83M [00:00<00:00, 42.0MB/s]
  student [imagenet] 1,533,231 params — 6.13 MB fp32, 1.53 MB int8  [OVER 1 MB BUDGET]
  epoch 1/30  kl 1.5558  24s
  epoch 2/30  kl 1.0449  15s
  epoch 3/30  kl 0.8968  15s
  epoch 4/30  kl 0.7806  15s
  epoch 5/30  kl 0.7083  16s
  epoch 6/30  kl 0.6661  16s
  epoch 7/30  kl 0.6490  16s
  epoch 8/30  kl 0.6116  16s
  epoch 9/30  kl 0.5920  16s
  epoch 10/30  kl 0.5618  17s
  epoch 11/30  kl 0.5345  20s
  epoch 12/30  kl 0.5078  24s
  epoch 13/30  kl 0.4872  30s
  epoch 14/30  kl 0.4580  36s
  epoch 15/30  kl 0.4358  35s
  epoch 16/30  kl 0.4021  32s
  epoch 17/30  kl 0.3900  31s
  epoch 18/30  kl 0.3619  29s
  epoch 19/30  kl 0.3407  29s
  epoch 20/30  kl 0.3188  27s
  epoch 21/30  kl 0.2999  25s
  epoch 22/30  kl 0.2825  25s
  epoch 23/30  kl 0.2694  23s
  epoch 24/30  kl 0.2577  23s
  epoch 25/30  kl 0.2462  22s
  epoch 26/30  kl 0.2402  23s
  epoch 27/30  kl 0.2345  22s
  epoch 28/30  kl 0.2277  22s
  epoch 29/30  kl 0.2277  21s
  epoch 30/30  kl 0.2267  21s
  student                  label_share 0.0000  coverage 0.1326  precision 0.9720  top1 0.3884  headroom 0.4221

  label_share  teacher 0.5537 -> student 0.0000  (-0.5537)
  wrote analysis/distil_crowded_imagenet.json

arm separated: 14 labels — Althaea officinalis, Anthurium andraeanum, Chaerophyllum hirsutum, Dendrobium nobile, ...
  teacher                  label_share 0.8982  coverage 0.7333  precision 0.9800  top1 0.9509  headroom 0.0000

  wrote analysis/distil_separated_scratch.json
  transfer set 29499 images, teacher posteriors precomputed (15 classes)
  student [scratch] 138,351 params — 0.55 MB fp32, 0.14 MB int8
  epoch 1/60  kl 1.5081  21s
  epoch 2/60  kl 1.0462  14s
  epoch 3/60  kl 1.0291  13s
  epoch 4/60  kl 1.0181  12s
  epoch 5/60  kl 1.0109  13s
  epoch 6/60  kl 1.0012  12s
  epoch 7/60  kl 0.9883  13s
  epoch 8/60  kl 0.9765  13s
  epoch 9/60  kl 0.9625  13s
  epoch 10/60  kl 0.9516  13s
  epoch 11/60  kl 0.9417  13s
  epoch 12/60  kl 0.9308  13s
  epoch 13/60  kl 0.9223  13s
  epoch 14/60  kl 0.9160  13s
  epoch 15/60  kl 0.9074  13s
  epoch 16/60  kl 0.8972  13s
  epoch 17/60  kl 0.8912  13s
  epoch 18/60  kl 0.8818  13s
  epoch 19/60  kl 0.8748  13s
  epoch 20/60  kl 0.8593  13s
  epoch 21/60  kl 0.8492  12s
  epoch 22/60  kl 0.8402  13s
  epoch 23/60  kl 0.8348  13s
  epoch 24/60  kl 0.8259  14s
  epoch 25/60  kl 0.8173  13s
  epoch 26/60  kl 0.8144  13s
  epoch 27/60  kl 0.7976  14s
  epoch 28/60  kl 0.7944  13s
  epoch 29/60  kl 0.7820  13s
  epoch 30/60  kl 0.7759  13s
  epoch 31/60  kl 0.7680  13s
  epoch 32/60  kl 0.7549  13s
  epoch 33/60  kl 0.7460  13s
  epoch 34/60  kl 0.7379  13s
  epoch 35/60  kl 0.7278  13s
  epoch 36/60  kl 0.7188  13s
  epoch 37/60  kl 0.7130  13s
  epoch 38/60  kl 0.6987  13s
  epoch 39/60  kl 0.6930  13s
  epoch 40/60  kl 0.6906  13s
  epoch 41/60  kl 0.6768  13s
  epoch 42/60  kl 0.6704  13s
  epoch 43/60  kl 0.6641  13s
  epoch 44/60  kl 0.6532  13s
  epoch 45/60  kl 0.6475  12s
  epoch 46/60  kl 0.6363  12s
  epoch 47/60  kl 0.6327  13s
  epoch 48/60  kl 0.6291  15s
  epoch 49/60  kl 0.6184  14s
  epoch 50/60  kl 0.6182  14s
  epoch 51/60  kl 0.6148  13s
  epoch 52/60  kl 0.6076  13s
  epoch 53/60  kl 0.6062  13s
  epoch 54/60  kl 0.5995  13s
  epoch 55/60  kl 0.5988  13s
  epoch 56/60  kl 0.5922  13s
  epoch 57/60  kl 0.5952  14s
  epoch 58/60  kl 0.5956  14s
  epoch 59/60  kl 0.5933  13s
  epoch 60/60  kl 0.5960  14s
  student                  label_share 0.1123  coverage 0.0932  precision 0.9033  top1 0.4386  headroom 0.0000

  label_share  teacher 0.8982 -> student 0.1123  (-0.7860)
  wrote analysis/distil_separated_scratch.json

arm separated: 14 labels — Althaea officinalis, Anthurium andraeanum, Chaerophyllum hirsutum, Dendrobium nobile, ...
  teacher                  label_share 0.8982  coverage 0.7333  precision 0.9800  top1 0.9509  headroom 0.0000

  wrote analysis/distil_separated_imagenet.json
  transfer set 29499 images, teacher posteriors precomputed (15 classes)
  student [imagenet] 1,533,231 params — 6.13 MB fp32, 1.53 MB int8  [OVER 1 MB BUDGET]
  epoch 1/30  kl 1.3703  21s
  epoch 2/30  kl 0.9784  14s
  epoch 3/30  kl 0.8408  14s
  epoch 4/30  kl 0.7273  15s
  epoch 5/30  kl 0.6608  15s
  epoch 6/30  kl 0.6226  15s
  epoch 7/30  kl 0.5925  16s
  epoch 8/30  kl 0.5689  16s
  epoch 9/30  kl 0.5442  17s
  epoch 10/30  kl 0.5166  22s
  epoch 11/30  kl 0.4906  27s
  epoch 12/30  kl 0.4636  28s
  epoch 13/30  kl 0.4436  28s
  epoch 14/30  kl 0.4200  25s
  epoch 15/30  kl 0.3886  24s
  epoch 16/30  kl 0.3620  23s
  epoch 17/30  kl 0.3418  23s
  epoch 18/30  kl 0.3192  23s
  epoch 19/30  kl 0.3000  23s
  epoch 20/30  kl 0.2807  22s
  epoch 21/30  kl 0.2630  22s
  epoch 22/30  kl 0.2470  22s
  epoch 23/30  kl 0.2358  22s
  epoch 24/30  kl 0.2242  22s
  epoch 25/30  kl 0.2150  22s
  epoch 26/30  kl 0.2066  23s
  epoch 27/30  kl 0.2007  22s
  epoch 28/30  kl 0.1995  23s
  epoch 29/30  kl 0.1956  23s
  epoch 30/30  kl 0.1939  22s
  student                  label_share 0.2281  coverage 0.1863  precision 0.9640  top1 0.6667  headroom 0.0000

  label_share  teacher 0.8982 -> student 0.2281  (-0.6702)
  wrote analysis/distil_separated_imagenet.json
