variant mobileclip2_s0  mode inat  465 eligible species  12 draws

=== K=10  EASY (random)  [mobileclip2_s0, eval=inat] ===
   shots  label_share   coverage  precision     top1  headroom
       1       0.0918     0.0864     0.7869   0.5193    0.0437   (n=12)
       2       0.2859     0.2646     0.8795   0.6809    0.0393   (n=12)
       4       0.3346     0.2934     0.8929   0.6894    0.0332   (n=12)
       8       0.5073     0.4337     0.8918   0.7567    0.0271   (n=12)
      16       0.5091     0.4426     0.9273   0.7857    0.0296   (n=12)
      32       0.5260     0.4605     0.9435   0.8100    0.0215   (n=12)
      64       0.5974     0.5158     0.9364   0.8271    0.0205   (n=12)
     all       0.5802     0.4967     0.9464   0.8374    0.0198   (n=12)

=== K=10  HARD (congeners)  [mobileclip2_s0, eval=inat] ===
   shots  label_share   coverage  precision     top1  headroom
       1       0.0130     0.2725     0.9437   0.3092    0.5034   (n=12)
       2       0.0224     0.4226     0.9542   0.3820    0.4558   (n=12)
       4       0.0069     0.4427     0.9701   0.4651    0.4522   (n=12)
       8       0.0663     0.5014     0.9569   0.5301    0.3819   (n=12)
      16       0.0382     0.5120     0.9728   0.5208    0.3802   (n=12)
      32       0.1069     0.5589     0.9558   0.5865    0.3223   (n=12)
      64       0.1891     0.5540     0.9465   0.6122    0.3082   (n=12)
     all       0.1675     0.5332     0.9538   0.6194    0.3100   (n=12)

=== K=20  EASY (random)  [mobileclip2_s0, eval=inat] ===
   shots  label_share   coverage  precision     top1  headroom
       1       0.0376     0.0447     0.8163   0.4063    0.0465   (n=12)
       2       0.1506     0.1470     0.9043   0.5610    0.0434   (n=12)
       4       0.2339     0.2101     0.9091   0.6412    0.0305   (n=12)
       8       0.3242     0.2978     0.9366   0.6979    0.0300   (n=12)
      16       0.3873     0.3505     0.9379   0.7319    0.0255   (n=12)
      32       0.4296     0.3863     0.9423   0.7632    0.0225   (n=12)
      64       0.4774     0.4131     0.9504   0.7846    0.0193   (n=12)
     all       0.4885     0.4225     0.9449   0.7892    0.0207   (n=12)

=== K=20  HARD (congeners)  [mobileclip2_s0, eval=inat] ===
   shots  label_share   coverage  precision     top1  headroom
       1       0.0056     0.2828     0.9565   0.2801    0.5198   (n=12)
       2       0.0184     0.3286     0.9557   0.3325    0.4680   (n=12)
       4       0.0034     0.3804     0.9688   0.4003    0.4260   (n=12)
       8       0.0298     0.4035     0.9666   0.4613    0.4049   (n=12)
      16       0.0517     0.4697     0.9663   0.5036    0.3516   (n=12)
      32       0.0804     0.4736     0.9680   0.5306    0.3281   (n=12)
      64       0.1611     0.4897     0.9459   0.5544    0.3118   (n=12)
     all       0.1601     0.4873     0.9565   0.5521    0.3039   (n=12)

variant mobileclip2_s2  mode inat  465 eligible species  12 draws

=== K=10  EASY (random)  [mobileclip2_s2, eval=inat] ===
   shots  label_share   coverage  precision     top1  headroom
       1       0.1473     0.1481     0.9230   0.6077    0.0426   (n=12)
       2       0.3268     0.3336     0.9185   0.7589    0.0433   (n=12)
       4       0.4606     0.4050     0.9208   0.7783    0.0335   (n=12)
       8       0.5671     0.4925     0.9302   0.8179    0.0258   (n=12)
      16       0.6429     0.5556     0.9285   0.8394    0.0233   (n=12)
      32       0.6186     0.5495     0.9486   0.8518    0.0179   (n=12)
      64       0.6386     0.5627     0.9517   0.8682    0.0166   (n=12)
     all       0.6441     0.5614     0.9519   0.8682    0.0163   (n=12)

=== K=10  HARD (congeners)  [mobileclip2_s2, eval=inat] ===
   shots  label_share   coverage  precision     top1  headroom
       1       0.0040     0.4209     0.9637   0.3469    0.5083   (n=12)
       2       0.0622     0.5132     0.9544   0.4297    0.4480   (n=12)
       4       0.0504     0.5668     0.9774   0.4806    0.4316   (n=12)
       8       0.0761     0.6088     0.9691   0.5474    0.3787   (n=12)
      16       0.0900     0.5847     0.9559   0.5641    0.3641   (n=12)
      32       0.1510     0.5928     0.9695   0.6000    0.3201   (n=12)
      64       0.1866     0.6131     0.9641   0.6429    0.3099   (n=12)
     all       0.1866     0.6140     0.9662   0.6520    0.3028   (n=12)

=== K=20  EASY (random)  [mobileclip2_s2, eval=inat] ===
   shots  label_share   coverage  precision     top1  headroom
       1       0.1434     0.1368     0.8715   0.4953    0.0508   (n=12)
       2       0.2245     0.2242     0.9247   0.6473    0.0479   (n=12)
       4       0.3625     0.3378     0.9304   0.7313    0.0307   (n=12)
       8       0.4713     0.4250     0.9332   0.7638    0.0350   (n=12)
      16       0.5211     0.4578     0.9398   0.7995    0.0285   (n=12)
      32       0.5707     0.4986     0.9449   0.8234    0.0271   (n=12)
      64       0.6011     0.5271     0.9477   0.8311    0.0247   (n=12)
     all       0.5828     0.5027     0.9507   0.8371    0.0230   (n=12)

=== K=20  HARD (congeners)  [mobileclip2_s2, eval=inat] ===
   shots  label_share   coverage  precision     top1  headroom
       1       0.0041     0.4032     0.9686   0.3072    0.5519   (n=12)
       2       0.0040     0.4239     0.9682   0.3667    0.4800   (n=12)
       4       0.0284     0.4856     0.9587   0.4317    0.4318   (n=12)
       8       0.0426     0.5213     0.9651   0.4898    0.4100   (n=12)
      16       0.0895     0.5301     0.9583   0.5367    0.3478   (n=12)
      32       0.1380     0.5338     0.9566   0.5665    0.3258   (n=12)
      64       0.1675     0.5440     0.9567   0.5951    0.3137   (n=12)
     all       0.1797     0.5535     0.9536   0.5999    0.3034   (n=12)

variant plantclef24  mode inat  465 eligible species  12 draws  negatives 800 fixed

=== K=10  EASY (random)  [plantclef24, eval=inat] ===
   shots  label_share   coverage  precision     top1  headroom
       1       0.5383     0.4833     0.9555   0.8094    0.0069   (n=12)
       2       0.6861     0.5916     0.9667   0.8980    0.0299   (n=12)
       4       0.7171     0.6382     0.9763   0.9098    0.0077   (n=12)
       8       0.8684     0.7118     0.9742   0.9478    0.0047   (n=12)
      16       0.8264     0.7145     0.9661   0.9366    0.0178   (n=12)
      32       0.8682     0.7334     0.9735   0.9557    0.0100   (n=12)
      64       0.8959     0.7343     0.9705   0.9496    0.0081   (n=12)
     all       0.8466     0.7248     0.9772   0.9535    0.0111   (n=12)

=== K=10  HARD (congeners)  [plantclef24, eval=inat] ===
   shots  label_share   coverage  precision     top1  headroom
       1       0.0079     0.6316     0.9912   0.5019    0.4313   (n=12)
       2       0.0169     0.6890     0.9919   0.5589    0.3758   (n=12)
       4       0.0768     0.7111     0.9920   0.5819    0.3419   (n=12)
       8       0.0888     0.7342     0.9796   0.6893    0.3047   (n=12)
      16       0.0090     0.7291     0.9916   0.6545    0.2931   (n=12)
      32       0.0870     0.7193     0.9879   0.6861    0.2863   (n=12)
      64       0.0627     0.7261     0.9867   0.7259    0.2765   (n=12)
     all       0.2101     0.7300     0.9749   0.7255    0.2634   (n=12)

=== K=20  EASY (random)  [plantclef24, eval=inat] ===
   shots  label_share   coverage  precision     top1  headroom
       1       0.4008     0.4111     0.9339   0.7612    0.0068   (n=12)
       2       0.6563     0.5614     0.9383   0.8421    0.0198   (n=12)
       4       0.7677     0.6272     0.9631   0.9085    0.0132   (n=12)
       8       0.7945     0.6517     0.9622   0.9110    0.0171   (n=12)
      16       0.8248     0.6724     0.9741   0.9276    0.0090   (n=12)
      32       0.8358     0.6795     0.9750   0.9332    0.0061   (n=12)
      64       0.8396     0.6940     0.9741   0.9345    0.0111   (n=12)
     all       0.8454     0.6933     0.9746   0.9328    0.0122   (n=12)

=== K=20  HARD (congeners)  [plantclef24, eval=inat] ===
   shots  label_share   coverage  precision     top1  headroom
       1       0.0048     0.5584     0.9793   0.4757    0.4249   (n=12)
       2       0.0080     0.6213     0.9911   0.5347    0.3831   (n=12)
       4       0.0092     0.6821     0.9887   0.5800    0.3339   (n=12)
       8       0.0949     0.6899     0.9717   0.6380    0.3069   (n=12)
      16       0.1639     0.7085     0.9633   0.6673    0.2829   (n=12)
      32       0.1500     0.7076     0.9765   0.6854    0.2556   (n=12)
      64       0.1421     0.7084     0.9795   0.7234    0.2404   (n=12)
     all       0.1430     0.7180     0.9797   0.7228    0.2299   (n=12)

variant bioclip2  mode inat  465 eligible species  12 draws  negatives 800 fixed

=== K=10  EASY (random)  [bioclip2, eval=inat] ===
   shots  label_share   coverage  precision     top1  headroom
       1       0.7137     0.5946     0.9676   0.9185    0.0222   (n=12)
       2       0.8402     0.6810     0.9692   0.9596    0.0143   (n=12)
       4       0.8485     0.7229     0.9750   0.9586    0.0147   (n=12)
       8       0.9109     0.7435     0.9798   0.9791    0.0051   (n=12)
      16       0.8974     0.7487     0.9808   0.9721    0.0061   (n=12)
      32       0.9085     0.7513     0.9796   0.9806    0.0075   (n=12)
      64       0.9159     0.7588     0.9831   0.9789    0.0065   (n=12)
     all       0.9082     0.7565     0.9855   0.9767    0.0069   (n=12)

=== K=10  HARD (congeners)  [bioclip2, eval=inat] ===
   shots  label_share   coverage  precision     top1  headroom
       1       0.0103     0.7227     0.9933   0.5591    0.4083   (n=12)
       2       0.1471     0.7375     0.9782   0.6601    0.3081   (n=12)
       4       0.2515     0.7390     0.9687   0.6969    0.2758   (n=12)
       8       0.3872     0.7601     0.9812   0.7583    0.2176   (n=12)
      16       0.3043     0.7592     0.9684   0.7250    0.2428   (n=12)
      32       0.3452     0.7648     0.9814   0.7642    0.2077   (n=12)
      64       0.4726     0.7640     0.9713   0.7916    0.1878   (n=12)
     all       0.4713     0.7650     0.9733   0.7937    0.1836   (n=12)

=== K=20  EASY (random)  [bioclip2, eval=inat] ===
   shots  label_share   coverage  precision     top1  headroom
       1       0.5776     0.5437     0.9619   0.8796    0.0402   (n=12)
       2       0.7824     0.6589     0.9561   0.9365    0.0187   (n=12)
       4       0.8427     0.7004     0.9763   0.9649    0.0195   (n=12)
       8       0.8034     0.6915     0.9820   0.9611    0.0178   (n=12)
      16       0.8654     0.7207     0.9838   0.9744    0.0152   (n=12)
      32       0.8728     0.7210     0.9838   0.9758    0.0109   (n=12)
      64       0.8890     0.7295     0.9848   0.9774    0.0111   (n=12)
     all       0.8917     0.7326     0.9843   0.9770    0.0111   (n=12)

=== K=20  HARD (congeners)  [bioclip2, eval=inat] ===
   shots  label_share   coverage  precision     top1  headroom
       1       0.0620     0.6722     0.9833   0.5069    0.4670   (n=12)
       2       0.1227     0.7070     0.9770   0.6183    0.3430   (n=12)
       4       0.1547     0.7203     0.9779   0.6689    0.2736   (n=12)
       8       0.2850     0.7228     0.9527   0.6822    0.2648   (n=12)
      16       0.3607     0.7367     0.9576   0.7190    0.2163   (n=12)
      32       0.4470     0.7371     0.9657   0.7466    0.1899   (n=12)
      64       0.4534     0.7453     0.9692   0.7650    0.1819   (n=12)
     all       0.4821     0.7481     0.9606   0.7616    0.1719   (n=12)

