variant mobileclip2_s0  mode inat  465 eligible species  12 draws  negatives 4 per positive

=== K=20  EASY (random)  [mobileclip2_s0, eval=inat] ===
   shots  label_share   coverage  precision     top1  headroom
       1       0.0682     0.0744     0.8077   0.4038    0.0413   (n=12)
       2       0.1376     0.1389     0.9119   0.5572    0.0448   (n=12)
       4       0.2370     0.2151     0.9008   0.6420    0.0271   (n=12)
       8       0.3384     0.3112     0.9286   0.6967    0.0274   (n=12)
      16       0.4016     0.3554     0.9403   0.7346    0.0234   (n=12)
      32       0.4419     0.3917     0.9428   0.7684    0.0235   (n=12)
      64       0.4849     0.4155     0.9487   0.7905    0.0212   (n=12)
     all       0.4908     0.4188     0.9479   0.7916    0.0217   (n=12)

=== K=20  HARD (congeners)  [mobileclip2_s0, eval=inat] ===
   shots  label_share   coverage  precision     top1  headroom
       1       0.0052     0.2852     0.9579   0.2765    0.4928   (n=12)
       2       0.0141     0.3360     0.9647   0.3263    0.4558   (n=12)
       4       0.0130     0.4013     0.9636   0.3971    0.4230   (n=12)
       8       0.0395     0.4153     0.9540   0.4608    0.4034   (n=12)
      16       0.0660     0.4566     0.9596   0.5046    0.3499   (n=12)
      32       0.0755     0.4739     0.9658   0.5298    0.3324   (n=12)
      64       0.1501     0.4881     0.9468   0.5562    0.3126   (n=12)
     all       0.1419     0.4861     0.9570   0.5533    0.3075   (n=12)

