variant mobileclip2_s0  ·  465 eligible labels  ·  12 draws  ·  dims [16, 64]

=== K=20  EASY (separated)  [mobileclip2_s0] ===
     1 shots   arm        label_share   vs raw  coverage    top1
               raw             0.0379             0.0453  0.4072   (n=12)
               pca16           0.0558  +0.0179    0.0480  0.4063   (n=12)
               pca64           0.0446  +0.0067    0.0389  0.4118   (n=12)

     4 shots   arm        label_share   vs raw  coverage    top1
               raw             0.2512             0.2282  0.6413   (n=12)
               lda16           0.2408  -0.0104    0.2131  0.6267   (n=12)
               lda64           0.2465  -0.0047    0.2243  0.6455   (n=12)
               nca16           0.1729  -0.0782    0.1549  0.5568   (n=12)
               nca64           0.0927  -0.1585    0.0970  0.5626   (n=12)
               pca16           0.1446  -0.1065    0.1331  0.5617   (n=12)
               pca64           0.2610  +0.0098    0.2281  0.6359   (n=12)

     8 shots   arm        label_share   vs raw  coverage    top1
               raw             0.3326             0.3048  0.6983   (n=12)
               lda16           0.3095  -0.0231    0.2849  0.6974   (n=12)
               lda64           0.3320  -0.0005    0.2947  0.7135   (n=12)
               nca16           0.2518  -0.0807    0.2293  0.6160   (n=12)
               nca64           0.1110  -0.2216    0.1103  0.6455   (n=12)
               pca16           0.1595  -0.1731    0.1577  0.6393   (n=12)
               pca64           0.3321  -0.0005    0.2983  0.6894   (n=12)

    32 shots   arm        label_share   vs raw  coverage    top1
               raw             0.4413             0.3897  0.7648   (n=12)
               lda16           0.4274  -0.0140    0.3728  0.7711   (n=12)
               lda64           0.4640  +0.0227    0.4010  0.7850   (n=12)
               nca16           0.0610  -0.3803    0.0564  0.4851   (n=12)
               nca64           0.2211  -0.2203    0.2042  0.6698   (n=12)
               pca16           0.2988  -0.1425    0.2718  0.6917   (n=12)
               pca64           0.4151  -0.0262    0.3651  0.7568   (n=12)

   all shots   arm        label_share   vs raw  coverage    top1
               raw             0.4927             0.4279  0.7877   (n=12)
               lda16           0.4719  -0.0208    0.4158  0.7791   (n=12)
               lda64           0.5006  +0.0079    0.4366  0.8029   (n=12)
               nca16           0.4013  -0.0915    0.3494  0.7152   (n=12)
               nca64           0.2971  -0.1956    0.2709  0.7305   (n=12)
               pca16           0.3366  -0.1562    0.3055  0.7201   (n=12)
               pca64           0.4770  -0.0157    0.4160  0.7811   (n=12)

=== K=20  HARD (congeners)  [mobileclip2_s0] ===
     1 shots   arm        label_share   vs raw  coverage    top1
               raw             0.0050             0.2754  0.2804   (n=12)
               pca16           0.0009  -0.0041    0.2093  0.2835   (n=12)
               pca64           0.0033  -0.0017    0.2083  0.2857   (n=12)

     4 shots   arm        label_share   vs raw  coverage    top1
               raw             0.0037             0.3930  0.3986   (n=12)
               lda16           0.0070  +0.0033    0.2876  0.3911   (n=12)
               lda64           0.0288  +0.0251    0.3128  0.4074   (n=12)
               nca16           0.0086  +0.0049    0.2690  0.3609   (n=12)
               nca64           0.0143  +0.0105    0.2220  0.3527   (n=12)
               pca16           0.0091  +0.0053    0.2960  0.3527   (n=12)
               pca64           0.0020  -0.0018    0.3691  0.4033   (n=12)

     8 shots   arm        label_share   vs raw  coverage    top1
               raw             0.0301             0.4025  0.4611   (n=12)
               lda16           0.0585  +0.0284    0.3215  0.4608   (n=12)
               lda64           0.0497  +0.0196    0.3651  0.4648   (n=12)
               nca16           0.0268  -0.0033    0.3132  0.4187   (n=12)
               nca64           0.0171  -0.0130    0.1907  0.4036   (n=12)
               pca16           0.0242  -0.0059    0.2732  0.3975   (n=12)
               pca64           0.0276  -0.0025    0.4029  0.4431   (n=12)

    32 shots   arm        label_share   vs raw  coverage    top1
               raw             0.0654             0.4726  0.5308   (n=12)
               lda16           0.1392  +0.0739    0.4231  0.5147   (n=12)
               lda64           0.1351  +0.0697    0.3988  0.5244   (n=12)
               nca16           0.0003  -0.0651    0.1032  0.3126   (n=12)
               nca64           0.0524  -0.0129    0.2718  0.4581   (n=12)
               pca16           0.0695  +0.0041    0.3943  0.4644   (n=12)
               pca64           0.0797  +0.0144    0.4433  0.5094   (n=12)

   all shots   arm        label_share   vs raw  coverage    top1
               raw             0.1494             0.4984  0.5509   (n=12)
               lda16           0.1424  -0.0070    0.4413  0.5484   (n=12)
               lda64           0.1669  +0.0176    0.4490  0.5530   (n=12)
               nca16           0.0833  -0.0661    0.3404  0.5050   (n=12)
               nca64           0.0622  -0.0872    0.3011  0.5004   (n=12)
               pca16           0.0923  -0.0571    0.4106  0.4883   (n=12)
               pca64           0.1290  -0.0204    0.4480  0.5350   (n=12)

