variant mobileclip2_s0  ·  465 eligible labels  ·  12 draws  ·  dims [16, 64]

=== K=20  EASY (separated)  [mobileclip2_s0] ===
     8 shots   arm        label_share   vs raw  coverage    top1
               raw             0.3326             0.3048  0.6983   (n=12)
               lda16           0.3095  -0.0231    0.2849  0.6974   (n=12)
               lda64           0.3320  -0.0005    0.2947  0.7135   (n=12)
               pca16           0.1595  -0.1731    0.1577  0.6393   (n=12)
               pca64           0.3321  -0.0005    0.2983  0.6894   (n=12)

    32 shots   arm        label_share   vs raw  coverage    top1
               raw             0.4413             0.3897  0.7648   (n=12)
               lda16           0.4274  -0.0140    0.3728  0.7711   (n=12)
               lda64           0.4640  +0.0227    0.4010  0.7850   (n=12)
               pca16           0.2988  -0.1425    0.2718  0.6917   (n=12)
               pca64           0.4151  -0.0262    0.3651  0.7568   (n=12)

=== K=20  HARD (congeners)  [mobileclip2_s0] ===
     8 shots   arm        label_share   vs raw  coverage    top1
               raw             0.0301             0.4025  0.4611   (n=12)
               lda16           0.0585  +0.0284    0.3215  0.4608   (n=12)
               lda64           0.0497  +0.0196    0.3651  0.4648   (n=12)
               pca16           0.0242  -0.0059    0.2732  0.3975   (n=12)
               pca64           0.0276  -0.0025    0.4029  0.4431   (n=12)

    32 shots   arm        label_share   vs raw  coverage    top1
               raw             0.0654             0.4726  0.5308   (n=12)
               lda16           0.1392  +0.0739    0.4231  0.5147   (n=12)
               lda64           0.1351  +0.0697    0.3988  0.5244   (n=12)
               pca16           0.0695  +0.0041    0.3943  0.4644   (n=12)
               pca64           0.0797  +0.0144    0.4433  0.5094   (n=12)

